     1                                 %line 1+1 dua_pangkat.asm
     2                                 [extern scanf]
     3                                 [extern printf]
     4                                 [extern fflush]
     5                                 
     6                                 [section .data]
     7                                 
     8 00000000 25640A00                cetak db "%d", 10,0
     9 00000004 256420256400            fmt db "%d %d",0
    10                                 
    11                                 
    12                                 [section .bss]
    13 00000000 <gap>                   num1 resd 1
    14 00000004 <gap>                   num2 resd 1
    15                                 
    16                                 [segment .text]
    17                                 [global main]
    18                                 
    19                                 main:
    20 00000000 68[00000000]            push num1
    21 00000005 68[00000000]            push num2
    22 0000000A 68[00000000]            push fmt
    23 0000000F E8(F6FFFFFF)            call scanf
    24 00000014 83C408                  add esp, 8
    25                                 
    26 00000017 8B0D[00000000]          mov ecx,[num1]
    27 0000001D 83F900                  cmp ecx,0
    28 00000020 741D                    je exit
    29                                 
    30 00000022 B801000000              mov eax,1
    31 00000027 8B1D[00000000]          mov ebx,[num2]
    32                                 
    33                                 LP:
    34 0000002D F7E3                    mul ebx
    35 0000002F E0FA                    LOOPNE LP
    36                                 
    37 00000031 50                      push eax
    38 00000032 68[00000000]            push cetak
    39 00000037 E8(F6FFFFFF)            call printf
    40 0000003C 83C408                  add esp,8
    41 0000003F EBBD                    jmp main
    42                                 exit:
    43 00000041 6A00                    push 0
    44 00000043 E8(F6FFFFFF)            call fflush
    45                                 
    46 00000048 B801000000              mov eax,1
    47 0000004D BB00000000              mov ebx,0
    48 00000052 CD80                    int 0x80
