     1                                 %line 1+1 elemen_matrix.asm
     2                                 [extern scanf]
     3                                 [extern printf]
     4                                 [extern fflush]
     5                                 
     6                                 [section .data]
     7                                 
     8 00000000 25640A00                cetak db "%d", 10,0
     9 00000004 256420256400            fmt db "%d %d",0
    10 0000000A 070000000B0000000A-     arr dd 7, 11, 10, 6
    11 0000000A 00000006000000     
    12 0000001A 050000000800000009-     dd 5, 8, 9, 2
    13 0000001A 00000002000000     
    14 0000002A 01000000030000000C-     dd 1, 3, 12, 4
    15 0000002A 00000004000000     
    16                                 
    17                                 [section .bss]
    18 00000000 <gap>                   num1 resd 1
    19 00000004 <gap>                   num2 resd 1
    20                                 
    21                                 [segment .text]
    22                                 [global main]
    23                                 
    24                                 main:
    25 00000000 68[00000000]            push num2
    26 00000005 68[00000000]            push num1
    27 0000000A 68[00000000]            push fmt
    28 0000000F E8(F6FFFFFF)            call scanf
    29 00000014 83C40C                  add esp, 12
    30                                 
    31 00000017 A1[00000000]            mov eax,[num1]
    32 0000001C B910000000              mov ecx,16
    33 00000021 F7E1                    mul ecx
    34                                 
    35 00000023 89C3                    mov ebx,eax
    36 00000025 A1[00000000]            mov eax,[num2]
    37 0000002A B904000000              mov ecx,4
    38 0000002F F7E1                    mul ecx
    39                                 
    40 00000031 01D8                    add eax,ebx
    41                                 
    42 00000033 FFB0[00000000]          push dword[arr+eax]
    43 00000039 68[00000000]            push cetak
    44 0000003E E8(F6FFFFFF)            call printf
    45 00000043 83C408                  add esp, 8
    46                                 
    47                                 exit:
    48 00000046 6A00                    push 0
    49 00000048 E8(F6FFFFFF)            call fflush
    50                                 
    51 0000004D B801000000              mov eax,1
    52 00000052 BB00000000              mov ebx,0
    53 00000057 CD80                    int 0x80
