     1                                 %line 1+1 iseng2.asm
     2                                 [extern scanf]
     3                                 [extern printf]
     4                                 [extern fflush]
     5                                 
     6                                 [section .data]
     7 00000000 256400                  fmt1 db "%d", 0
     8 00000003 25730A00                fmt2 db "%s", 10, 0
     9 00000007 70656D75646100          satu db "pemuda", 0
    10 0000000E 64657761736100          dua db "dewasa", 0
    11 00000015 6C616E6A757400          tiga db "lanjut", 0
    12                                 
    13                                 [section .bss]
    14 00000000 <gap>                   a resd 1
    15                                 
    16                                 [section .text]
    17                                 [global main]
    18                                 
    19                                 main:
    20 00000000 68[00000000]            push a
    21 00000005 68[00000000]            push fmt1
    22 0000000A E8(F6FFFFFF)            call scanf
    23 0000000F 83C408                  add esp, 8
    24                                 
    25 00000012 A1[00000000]            mov eax, [a]
    26                                 
    27 00000017 83F840                  cmp eax, 64
    28 0000001A 7730                    ja lanjut
    29                                 
    30 0000001C 83F828                  cmp eax, 40
    31 0000001F 7717                    ja dewasa
    32                                 
    33 00000021 83F800                  cmp eax, 0
    34 00000024 77FE                    ja pemuda
    35                                 
    36                                 
    37                                 
    38                                 pemuda:
    39 00000026 68[00000000]            push satu
    40 0000002B 68[00000000]            push fmt2
    41 00000030 E8(F6FFFFFF)            call printf
    42 00000035 83C408                  add esp, 8
    43                                 
    44 00000038 EB26                    jmp exit
    45                                 
    46                                 dewasa:
    47 0000003A 68[00000000]            push dua
    48 0000003F 68[00000000]            push fmt2
    49 00000044 E8(F6FFFFFF)            call printf
    50 00000049 83C408                  add esp, 8
    51                                 
    52 0000004C EB12                    jmp exit
    53                                 
    54                                 lanjut:
    55 0000004E 68[00000000]            push tiga
    56 00000053 68[00000000]            push fmt2
    57 00000058 E8(F6FFFFFF)            call printf
    58 0000005D 83C408                  add esp, 8
    59                                 
    60 00000060 EBFE                    jmp exit
    61                                 
    62                                 exit:
    63 00000062 6A00                    push 0
    64 00000064 E8(F6FFFFFF)            call fflush
    65                                 
    66 00000069 B801000000              mov eax, 1
    67 0000006E BB00000000              mov ebx, 0
    68 00000073 CD80                    int 0x80
